EN agenerator NULL C:/Users/Student/Desktop/2014DEC03/Audio1octave/ipcore_dir/Agenerator.vhd sub00/vhpl06 1417733889
EN counter30 NULL C:/Users/Student/Desktop/2014DEC03/Audio1octave/ipcore_dir/counter30.vhd sub00/vhpl00 1417733883
AR fgenerator fgenerator_a C:/Users/Student/Desktop/2014DEC03/Audio1octave/ipcore_dir/Fgenerator.vhd sub00/vhpl17 1417733900
EN audiomultiplexer NULL C:/Users/Student/Desktop/2014DEC03/Audio1octave/AudioMultiplexer.vhd sub00/vhpl02 1417733885
EN fgenerator NULL C:/Users/Student/Desktop/2014DEC03/Audio1octave/ipcore_dir/Fgenerator.vhd sub00/vhpl16 1417733899
EN audiomain NULL C:/Users/Student/Desktop/2014DEC03/Audio1octave/AudioMain.vhd sub00/vhpl22 1417733905
AR dgenerator dgenerator_a C:/Users/Student/Desktop/2014DEC03/Audio1octave/ipcore_dir/Dgenerator.vhd sub00/vhpl13 1417733896
EN dac8 NULL C:/Users/Student/Desktop/2014DEC03/Audio1octave/dac8.vhd sub00/vhpl04 1417733887
AR bgenerator bgenerator_a C:/Users/Student/Desktop/2014DEC03/Audio1octave/ipcore_dir/Bgenerator.vhd sub00/vhpl09 1417733892
EN egenerator NULL C:/Users/Student/Desktop/2014DEC03/Audio1octave/ipcore_dir/Egenerator.vhd sub00/vhpl14 1417733897
AR dac8 behavioral C:/Users/Student/Desktop/2014DEC03/Audio1octave/dac8.vhd sub00/vhpl05 1417733888
AR ggenerator ggenerator_a C:/Users/Student/Desktop/2014DEC03/Audio1octave/ipcore_dir/Ggenerator.vhd sub00/vhpl19 1417733902
EN dgenerator NULL C:/Users/Student/Desktop/2014DEC03/Audio1octave/ipcore_dir/Dgenerator.vhd sub00/vhpl12 1417733895
AR egenerator egenerator_a C:/Users/Student/Desktop/2014DEC03/Audio1octave/ipcore_dir/Egenerator.vhd sub00/vhpl15 1417733898
EN ahighgenerator NULL C:/Users/Student/Desktop/2014DEC03/Audio1octave/ipcore_dir/Ahighgenerator.vhd sub00/vhpl20 1417733903
EN cgenerator NULL C:/Users/Student/Desktop/2014DEC03/Audio1octave/ipcore_dir/Cgenerator.vhd sub00/vhpl10 1417733893
AR counter30 counter30_a C:/Users/Student/Desktop/2014DEC03/Audio1octave/ipcore_dir/counter30.vhd sub00/vhpl01 1417733884
AR cgenerator cgenerator_a C:/Users/Student/Desktop/2014DEC03/Audio1octave/ipcore_dir/Cgenerator.vhd sub00/vhpl11 1417733894
AR audiomultiplexer behavioral C:/Users/Student/Desktop/2014DEC03/Audio1octave/AudioMultiplexer.vhd sub00/vhpl03 1417733886
AR audiomain behavioral C:/Users/Student/Desktop/2014DEC03/Audio1octave/AudioMain.vhd sub00/vhpl23 1417733906
EN bgenerator NULL C:/Users/Student/Desktop/2014DEC03/Audio1octave/ipcore_dir/Bgenerator.vhd sub00/vhpl08 1417733891
AR agenerator agenerator_a C:/Users/Student/Desktop/2014DEC03/Audio1octave/ipcore_dir/Agenerator.vhd sub00/vhpl07 1417733890
EN ggenerator NULL C:/Users/Student/Desktop/2014DEC03/Audio1octave/ipcore_dir/Ggenerator.vhd sub00/vhpl18 1417733901
AR ahighgenerator ahighgenerator_a C:/Users/Student/Desktop/2014DEC03/Audio1octave/ipcore_dir/Ahighgenerator.vhd sub00/vhpl21 1417733904
