V3 47
FL C:/Users/Student/Desktop/2014DEC03/Audio1octave/AudioMain.vhd 2014/12/04.17:57:58 P.20131013
EN work/AudioMain 1417733905 \
      FL C:/Users/Student/Desktop/2014DEC03/Audio1octave/AudioMain.vhd \
      PB ieee/std_logic_1164 1381692176 PB ieee/std_logic_arith 1381692177 \
      PB ieee/STD_LOGIC_UNSIGNED 1381692179
AR work/AudioMain/Behavioral 1417733906 \
      FL C:/Users/Student/Desktop/2014DEC03/Audio1octave/AudioMain.vhd \
      EN work/AudioMain 1417733905 CP counter30 CP AudioMultiplexer CP dac8 \
      CP Agenerator CP Bgenerator CP Cgenerator CP Dgenerator CP Egenerator \
      CP Fgenerator CP Ggenerator CP Ahighgenerator
FL C:/Users/Student/Desktop/2014DEC03/Audio1octave/AudioMultiplexer.vhd 2014/12/03.18:18:38 P.20131013
EN work/AudioMultiplexer 1417733885 \
      FL C:/Users/Student/Desktop/2014DEC03/Audio1octave/AudioMultiplexer.vhd \
      PB ieee/std_logic_1164 1381692176 PB ieee/STD_LOGIC_UNSIGNED 1381692179 \
      PB ieee/std_logic_arith 1381692177
AR work/AudioMultiplexer/Behavioral 1417733886 \
      FL C:/Users/Student/Desktop/2014DEC03/Audio1octave/AudioMultiplexer.vhd \
      EN work/AudioMultiplexer 1417733885
FL C:/Users/Student/Desktop/2014DEC03/Audio1octave/dac8.vhd 2014/10/13.15:33:44 P.20131013
EN work/dac8 1417733887 \
      FL C:/Users/Student/Desktop/2014DEC03/Audio1octave/dac8.vhd \
      PB ieee/std_logic_1164 1381692176 PB ieee/std_logic_arith 1381692177 \
      PB ieee/STD_LOGIC_UNSIGNED 1381692179
AR work/dac8/Behavioral 1417733888 \
      FL C:/Users/Student/Desktop/2014DEC03/Audio1octave/dac8.vhd EN work/dac8 1417733887
FL C:/Users/Student/Desktop/2014DEC03/Audio1octave/ipcore_dir/Agenerator.vhd 2014/12/04.17:07:04 P.20131013
EN work/Agenerator 1417733889 \
      FL C:/Users/Student/Desktop/2014DEC03/Audio1octave/ipcore_dir/Agenerator.vhd \
      PB ieee/std_logic_1164 1381692176
AR work/Agenerator/Agenerator_a 1417733890 \
      FL C:/Users/Student/Desktop/2014DEC03/Audio1octave/ipcore_dir/Agenerator.vhd \
      EN work/Agenerator 1417733889
FL C:/Users/Student/Desktop/2014DEC03/Audio1octave/ipcore_dir/Ahighgenerator.vhd 2014/12/04.17:12:22 P.20131013
EN work/Ahighgenerator 1417733903 \
      FL C:/Users/Student/Desktop/2014DEC03/Audio1octave/ipcore_dir/Ahighgenerator.vhd \
      PB ieee/std_logic_1164 1381692176
AR work/Ahighgenerator/Ahighgenerator_a 1417733904 \
      FL C:/Users/Student/Desktop/2014DEC03/Audio1octave/ipcore_dir/Ahighgenerator.vhd \
      EN work/Ahighgenerator 1417733903
FL C:/Users/Student/Desktop/2014DEC03/Audio1octave/ipcore_dir/Bgenerator.vhd 2014/12/04.17:24:57 P.20131013
EN work/Bgenerator 1417733891 \
      FL C:/Users/Student/Desktop/2014DEC03/Audio1octave/ipcore_dir/Bgenerator.vhd \
      PB ieee/std_logic_1164 1381692176
AR work/Bgenerator/Bgenerator_a 1417733892 \
      FL C:/Users/Student/Desktop/2014DEC03/Audio1octave/ipcore_dir/Bgenerator.vhd \
      EN work/Bgenerator 1417733891
FL C:/Users/Student/Desktop/2014DEC03/Audio1octave/ipcore_dir/Cgenerator.vhd 2014/12/04.17:36:17 P.20131013
EN work/Cgenerator 1417733893 \
      FL C:/Users/Student/Desktop/2014DEC03/Audio1octave/ipcore_dir/Cgenerator.vhd \
      PB ieee/std_logic_1164 1381692176
AR work/Cgenerator/Cgenerator_a 1417733894 \
      FL C:/Users/Student/Desktop/2014DEC03/Audio1octave/ipcore_dir/Cgenerator.vhd \
      EN work/Cgenerator 1417733893
FL C:/Users/Student/Desktop/2014DEC03/Audio1octave/ipcore_dir/counter30.vhd 2014/12/03.16:33:30 P.20131013
EN work/counter30 1417733883 \
      FL C:/Users/Student/Desktop/2014DEC03/Audio1octave/ipcore_dir/counter30.vhd \
      PB ieee/std_logic_1164 1381692176
AR work/counter30/counter30_a 1417733884 \
      FL C:/Users/Student/Desktop/2014DEC03/Audio1octave/ipcore_dir/counter30.vhd \
      EN work/counter30 1417733883
FL C:/Users/Student/Desktop/2014DEC03/Audio1octave/ipcore_dir/Dgenerator.vhd 2014/12/04.17:44:14 P.20131013
EN work/Dgenerator 1417733895 \
      FL C:/Users/Student/Desktop/2014DEC03/Audio1octave/ipcore_dir/Dgenerator.vhd \
      PB ieee/std_logic_1164 1381692176
AR work/Dgenerator/Dgenerator_a 1417733896 \
      FL C:/Users/Student/Desktop/2014DEC03/Audio1octave/ipcore_dir/Dgenerator.vhd \
      EN work/Dgenerator 1417733895
FL C:/Users/Student/Desktop/2014DEC03/Audio1octave/ipcore_dir/Egenerator.vhd 2014/12/04.17:47:22 P.20131013
EN work/Egenerator 1417733897 \
      FL C:/Users/Student/Desktop/2014DEC03/Audio1octave/ipcore_dir/Egenerator.vhd \
      PB ieee/std_logic_1164 1381692176
AR work/Egenerator/Egenerator_a 1417733898 \
      FL C:/Users/Student/Desktop/2014DEC03/Audio1octave/ipcore_dir/Egenerator.vhd \
      EN work/Egenerator 1417733897
FL C:/Users/Student/Desktop/2014DEC03/Audio1octave/ipcore_dir/Fgenerator.vhd 2014/12/04.17:49:58 P.20131013
EN work/Fgenerator 1417733899 \
      FL C:/Users/Student/Desktop/2014DEC03/Audio1octave/ipcore_dir/Fgenerator.vhd \
      PB ieee/std_logic_1164 1381692176
AR work/Fgenerator/Fgenerator_a 1417733900 \
      FL C:/Users/Student/Desktop/2014DEC03/Audio1octave/ipcore_dir/Fgenerator.vhd \
      EN work/Fgenerator 1417733899
FL C:/Users/Student/Desktop/2014DEC03/Audio1octave/ipcore_dir/Ggenerator.vhd 2014/12/04.17:54:42 P.20131013
EN work/Ggenerator 1417733901 \
      FL C:/Users/Student/Desktop/2014DEC03/Audio1octave/ipcore_dir/Ggenerator.vhd \
      PB ieee/std_logic_1164 1381692176
AR work/Ggenerator/Ggenerator_a 1417733902 \
      FL C:/Users/Student/Desktop/2014DEC03/Audio1octave/ipcore_dir/Ggenerator.vhd \
      EN work/Ggenerator 1417733901
